// Jest Snapshot v1, https://goo.gl/fbAQLP

exports[`index 1`] = `
Array [
  "__esModule",
  "addClass",
  "addFeatureCheckClasses",
  "applyStyles",
  "copyCustomPropertiesIntoIFrame",
  "getAllCustomProperties",
  "getAllCustomPropertyValuesAtElement",
  "getEffectiveZIndex",
  "getStyle",
  "hasClass",
  "injectCustomProperties",
  "removeClass",
  "toCSSClassName",
]
`;
