// Jest Snapshot v1, https://goo.gl/fbAQLP

exports[`index 1`] = `
Array [
  "__esModule",
  "URL",
  "ApplicationCache",
  "InactivityMonitor",
  "Orientation",
  "VisibilityMonitor",
  "WindowMessageListener",
  "addClickOutListener",
  "TransitionEvents",
  "addEventListener",
  "addKeyboardBlurListener",
  "getEventTarget",
  "isMultiTouch",
  "removeEventListener",
  "getElementRect",
  "isPointWithin",
  "isZeroRect",
  "safeBoundingBoxForRange",
  "getDocument",
  "getViewportHeight",
  "getViewportWidth",
  "getScreenWidth",
  "getScreenHeight",
  "declareCustomElement",
  "filterNodeList",
  "focusElement",
  "getFocusableDescendants",
  "isFocusable",
  "focusDescendant",
  "focusDescendantOrElement",
  "getTextNodes",
  "isElement",
  "isTextNode",
  "matches",
  "parent",
  "removeNode",
  "replaceNode",
  "createDOM",
  "getFragmentFromString",
  "getScrollParent",
  "getScrollPosition",
  "canScroll",
  "isScroller",
  "scrollElementBy",
  "scrollElementTo",
  "addClass",
  "addFeatureCheckClasses",
  "applyStyles",
  "getEffectiveZIndex",
  "getStyle",
  "hasClass",
  "removeClass",
  "toCSSClassName",
  "enforceNumber",
  "inRange",
  "isValueEmpty",
  "retargetAnchorsWithExternalRefs",
  "sanitizeExternalContentForInput",
]
`;
